// Jest Snapshot v1, https://goo.gl/fbAQLP

exports[`<Clock/> with react-test-renderer when given hours, minutes, seconds, miliseconds renders properly 1`] = `
<h2
  className="clock "
>
   
  Pozostało 
  <mark
    className="clock__numbers"
  >
    01
  </mark>
  :
  <mark
    className="clock__numbers"
  >
    20
  </mark>
  :
  <mark
    className="clock__numbers"
  >
    42
  </mark>
  :
  <mark
    className="clock__numbers"
  >
    311
  </mark>
</h2>
`;
